one
two
three
one
two
three
four
five
one
extra text one
one
two
three four five
six

